// Jest Snapshot v1, https://goo.gl/fbAQLP

exports[`<Header /> should render <Header /> component 1`] = `
<Header>
  <header>
    <h1>
      Ol√°
    </h1>
  </header>
</Header>
`;
