// Jest Snapshot v1, https://goo.gl/fbAQLP

exports[`<Main /> should render <Header /> component 1`] = `
<Main>
  <section
    className="wrapper"
  />
</Main>
`;
