// Jest Snapshot v1, https://goo.gl/fbAQLP

exports[`<Headline /> should render <Headline /> component 1`] = `
<Headline>
  <section
    className="headline"
  >
    <Title
      className={null}
    >
      <h1
        className="title"
      >
        Hi, Iâ€˜m Leandro Oriente, a front end developer at 
        <a
          href="https://www.travix.com/"
        >
          Travix
        </a>
         in Amsterdam.
      </h1>
    </Title>
  </section>
</Headline>
`;
