// Jest Snapshot v1, https://goo.gl/fbAQLP

exports[`<Back /> should render <Back /> component 1`] = `
<Back>
  <Link
    href="/"
  >
    <a
      className="link"
      href="/"
      onClick={[Function]}
    >
      â†¤ Articles
    </a>
  </Link>
</Back>
`;
