// Jest Snapshot v1, https://goo.gl/fbAQLP

exports[`<Badge /> should render <Badge /> component 1`] = `
<Badge
  className={null}
>
  <span
    className="badge"
  >
    Test
  </span>
</Badge>
`;
