// Jest Snapshot v1, https://goo.gl/fbAQLP

exports[`<Subtitle /> should render <Subtitle /> component 1`] = `
<Subtitle>
  <h3
    className="title"
  >
    Test
  </h3>
</Subtitle>
`;
